<html>
<body>
<pre>
<h1>µVision Build Log</h1>
<h2>Project:</h2>
C:\Keil\PWMtest\USER\PWMtest.uvproj
Project File Date:  09/08/2016

<h2>Output:</h2>
Build target 'PWMtest'
compiling usart.c...
linking...
Program Size: Code=8584 RO-data=336 RW-data=72 ZI-data=1632  
FromELF: creating hex file...
"..\OBJ\PWMtest.axf" - 0 Errors, 0 Warning(s).
Build target 'PWMtest'
linking...
Program Size: Code=8584 RO-data=336 RW-data=72 ZI-data=1632  
FromELF: creating hex file...
"..\OBJ\PWMtest.axf" - 0 Errors, 0 Warning(s).
