<html>
<body>
<pre>
<h1>µVision Build Log</h1>
<h2>Project:</h2>
C:\Keil\PWMtest\USER\PWMtest.uvproj
Project File Date:  08/27/2016

<h2>Output:</h2>
Build target 'PWMtest'
compiling misc.c...
compiling stm32f10x_adc.c...
compiling stm32f10x_bkp.c...
compiling stm32f10x_can.c...
compiling stm32f10x_cec.c...
compiling stm32f10x_crc.c...
compiling stm32f10x_dac.c...
compiling stm32f10x_dbgmcu.c...
compiling stm32f10x_dma.c...
compiling stm32f10x_exti.c...
compiling stm32f10x_flash.c...
compiling stm32f10x_fsmc.c...
compiling stm32f10x_gpio.c...
compiling stm32f10x_i2c.c...
compiling stm32f10x_iwdg.c...
compiling stm32f10x_pwr.c...
compiling stm32f10x_rcc.c...
compiling stm32f10x_rtc.c...
compiling stm32f10x_sdio.c...
compiling stm32f10x_spi.c...
compiling stm32f10x_tim.c...
compiling stm32f10x_usart.c...
compiling stm32f10x_wwdg.c...
compiling core_cm3.c...
assembling startup_stm32f10x_hd.s...
linking...
Program Size: Code=840 RO-data=336 RW-data=20 ZI-data=1636  
FromELF: creating hex file...
"..\OBJ\PWMtest.axf" - 0 Errors, 0 Warning(s).
Build target 'PWMtest'
compiling main.c...
main.c(29): warning:  #177-D: variable "CCR4_VAL" was declared but never referenced
main.c(60): warning:  #223-D: function "TIM_GPIO_Config" declared implicitly
main.c(61): warning:  #223-D: function "TIM_Mode_Config" declared implicitly
main.c(3): warning:  #177-D: function "TIM3_GPIO_Config" was declared but never referenced
main.c(21): warning:  #177-D: function "TIM3_Mode_Config" was declared but never referenced
linking...
..\OBJ\PWMtest.axf: Error: L6218E: Undefined symbol TIM_GPIO_Config (referred from main.o).
..\OBJ\PWMtest.axf: Error: L6218E: Undefined symbol TIM_Mode_Config (referred from main.o).
"..\OBJ\PWMtest.axf" - 2 Errors, 5 Warning(s).
Target not created
Build target 'PWMtest'
compiling main.c...
main.c(29): warning:  #177-D: variable "CCR4_VAL" was declared but never referenced
linking...
Program Size: Code=6472 RO-data=336 RW-data=40 ZI-data=1632  
FromELF: creating hex file...
"..\OBJ\PWMtest.axf" - 0 Errors, 1 Warning(s).
Build target 'PWMtest'
linking...
Program Size: Code=6472 RO-data=336 RW-data=40 ZI-data=1632  
FromELF: creating hex file...
"..\OBJ\PWMtest.axf" - 0 Errors, 0 Warning(s).
Build target 'PWMtest'
compiling main.c...
linking...
Program Size: Code=6500 RO-data=336 RW-data=40 ZI-data=1632  
FromELF: creating hex file...
"..\OBJ\PWMtest.axf" - 0 Errors, 0 Warning(s).
Build target 'PWMtest'
linking...
Program Size: Code=6500 RO-data=336 RW-data=40 ZI-data=1632  
FromELF: creating hex file...
"..\OBJ\PWMtest.axf" - 0 Errors, 0 Warning(s).
Build target 'PWMtest'
compiling main.c...
linking...
Program Size: Code=6508 RO-data=336 RW-data=40 ZI-data=1632  
FromELF: creating hex file...
"..\OBJ\PWMtest.axf" - 0 Errors, 0 Warning(s).
Build target 'PWMtest'
linking...
Program Size: Code=6508 RO-data=336 RW-data=40 ZI-data=1632  
FromELF: creating hex file...
"..\OBJ\PWMtest.axf" - 0 Errors, 0 Warning(s).
